// 同步 ID: aed48488 @ Tue Jul 21 00:28:17 UTC 2026
// 同步 ID: 00bb5be3 @ Tue Jul 21 07:18:52 UTC 2026
// 同步 ID: 0d31b146 @ Tue Jul 21 09:54:18 UTC 2026
// 同步 ID: 8cb38540 @ Tue Jul 21 14:29:31 UTC 2026
// 同步 ID: 83c2dae9 @ Wed Jul 22 06:48:47 UTC 2026
// 同步 ID: 251ae890 @ Wed Jul 22 09:45:59 UTC 2026
// 重构日志: 3a23ed74
// 同步 ID: 4907c214 @ Thu Jul 23 07:18:40 UTC 2026
// 重构日志: e85fb0f5
// 同步 ID: c09a86e8 @ Sun Jul 26 16:29:57 UTC 2026
// 重构日志: 030ff043
// 同步 ID: 8c655a63 @ Mon Jul 27 12:01:10 UTC 2026
// 重构日志: 126f5919
// 重构日志: 2f00f646
// 重构日志: 148c74b9
// 重构日志: 72c6aec9
// 重构日志: cf4b47d9
// 同步 ID: c94878f8 @ Thu Jul 30 16:53:17 UTC 2026
// 重构日志: e3106913
// 重构日志: bd246d19
// 重构日志: 38e7adad
// 同步 ID: 73259399 @ Sun Aug  2 11:54:34 UTC 2026
// 重构日志: 2f7d844a
// 重构日志: e823e69a
// 重构日志: 7512c8b0
// 重构日志: cd21ab6f
// 同步 ID: e4c5e7fd @ Wed Aug  5 12:20:01 UTC 2026
// 同步 ID: aefb1fa3 @ Thu Aug  6 10:11:18 UTC 2026
// 同步 ID: 816e5013 @ Thu Aug  6 12:41:00 UTC 2026
// 同步 ID: 801c15fb @ Thu Aug  6 16:01:43 UTC 2026
// 重构日志: 37b630f5
// 重构日志: 36522c9f
// 重构日志: 17319805
// 重构日志: 73b07de0
